// 重构日志: f73eb5dd
// 重构日志: ea7ccaa8
// 同步 ID: 2fabe41f @ Wed Jul  8 04:03:37 UTC 2026
// 同步 ID: 96d4347b @ Wed Jul  8 06:57:07 UTC 2026
// 同步 ID: 44bd6ab4 @ Thu Jul  9 05:45:35 UTC 2026
// 同步 ID: 6228dd41 @ Thu Jul  9 09:32:58 UTC 2026
// 重构日志: 18dfacdb
// 同步 ID: 30b3df99 @ Sat Jul 11 00:07:23 UTC 2026
// 同步 ID: 5d2c3aaa @ Sat Jul 11 09:42:20 UTC 2026
// 同步 ID: 28869569 @ Sat Jul 11 14:16:00 UTC 2026
// 重构日志: 5e60d6d1
// 同步 ID: d032c536 @ Sat Jul 11 17:19:52 UTC 2026
// 同步 ID: f4da98fd @ Tue Jul 14 16:34:01 UTC 2026
// 重构日志: 9191778f
// 同步 ID: 7802d13e @ Wed Jul 15 07:23:48 UTC 2026
// 同步 ID: 73132dde @ Wed Jul 15 14:05:40 UTC 2026
// 同步 ID: e34330d5 @ Fri Jul 17 10:08:28 UTC 2026
// 重构日志: b0a48116
// 重构日志: 53c478d2
// 重构日志: 8960b2c7
// 重构日志: 0a1b3341
// 同步 ID: 215469e4 @ Mon Jul 20 01:02:06 UTC 2026
// 同步 ID: 697ba54c @ Mon Jul 20 04:11:07 UTC 2026
// 同步 ID: 842f2bd3 @ Wed Jul 22 23:02:01 UTC 2026
// 同步 ID: 848eb7ed @ Thu Jul 23 16:06:58 UTC 2026
// 重构日志: c3b34862
// 重构日志: f9e8e5dc
// 重构日志: 947b1178
// 同步 ID: 24cbe586 @ Sat Jul 25 17:29:38 UTC 2026
// 同步 ID: 80648625 @ Mon Jul 27 05:45:02 UTC 2026
// 重构日志: 166c3d2a
// 重构日志: a53e7736
// 重构日志: f4961409
